../Core/Src/stm32f4xx_it.c:79:6:NMI_Handler	4	static
../Core/Src/stm32f4xx_it.c:94:6:HardFault_Handler	4	static
../Core/Src/stm32f4xx_it.c:109:6:MemManage_Handler	4	static
../Core/Src/stm32f4xx_it.c:124:6:BusFault_Handler	4	static
../Core/Src/stm32f4xx_it.c:139:6:UsageFault_Handler	4	static
../Core/Src/stm32f4xx_it.c:154:6:SVC_Handler	4	static
../Core/Src/stm32f4xx_it.c:167:6:DebugMon_Handler	4	static
../Core/Src/stm32f4xx_it.c:180:6:PendSV_Handler	4	static
../Core/Src/stm32f4xx_it.c:193:6:SysTick_Handler	8	static
../Core/Src/stm32f4xx_it.c:214:6:ADC_IRQHandler	8	static
../Core/Src/stm32f4xx_it.c:228:6:CAN1_TX_IRQHandler	8	static
../Core/Src/stm32f4xx_it.c:242:6:CAN1_RX0_IRQHandler	8	static
../Core/Src/stm32f4xx_it.c:256:6:CAN1_RX1_IRQHandler	8	static
../Core/Src/stm32f4xx_it.c:270:6:CAN1_SCE_IRQHandler	8	static
../Core/Src/stm32f4xx_it.c:284:6:USART1_IRQHandler	8	static
../Core/Src/stm32f4xx_it.c:298:6:USART2_IRQHandler	8	static
../Core/Src/stm32f4xx_it.c:312:6:SDIO_IRQHandler	8	static
../Core/Src/stm32f4xx_it.c:326:6:DMA2_Stream0_IRQHandler	8	static
../Core/Src/stm32f4xx_it.c:340:6:DMA2_Stream3_IRQHandler	8	static
../Core/Src/stm32f4xx_it.c:354:6:ETH_IRQHandler	8	static
../Core/Src/stm32f4xx_it.c:368:6:ETH_WKUP_IRQHandler	8	static
../Core/Src/stm32f4xx_it.c:382:6:CAN2_TX_IRQHandler	8	static
../Core/Src/stm32f4xx_it.c:396:6:CAN2_RX0_IRQHandler	8	static
../Core/Src/stm32f4xx_it.c:410:6:CAN2_RX1_IRQHandler	8	static
../Core/Src/stm32f4xx_it.c:424:6:CAN2_SCE_IRQHandler	8	static
../Core/Src/stm32f4xx_it.c:438:6:OTG_FS_IRQHandler	8	static
../Core/Src/stm32f4xx_it.c:452:6:OTG_HS_EP1_OUT_IRQHandler	8	static
../Core/Src/stm32f4xx_it.c:466:6:OTG_HS_EP1_IN_IRQHandler	8	static
../Core/Src/stm32f4xx_it.c:480:6:OTG_HS_IRQHandler	8	static
