../Core/Src/stm32f4xx_it.c:77:6:NMI_Handler	4	static
../Core/Src/stm32f4xx_it.c:92:6:HardFault_Handler	4	static
../Core/Src/stm32f4xx_it.c:107:6:MemManage_Handler	4	static
../Core/Src/stm32f4xx_it.c:122:6:BusFault_Handler	4	static
../Core/Src/stm32f4xx_it.c:137:6:UsageFault_Handler	4	static
../Core/Src/stm32f4xx_it.c:152:6:SVC_Handler	4	static
../Core/Src/stm32f4xx_it.c:165:6:DebugMon_Handler	4	static
../Core/Src/stm32f4xx_it.c:178:6:PendSV_Handler	4	static
../Core/Src/stm32f4xx_it.c:191:6:SysTick_Handler	8	static
../Core/Src/stm32f4xx_it.c:212:6:CAN1_TX_IRQHandler	8	static
../Core/Src/stm32f4xx_it.c:226:6:CAN1_RX0_IRQHandler	8	static
../Core/Src/stm32f4xx_it.c:240:6:CAN1_RX1_IRQHandler	8	static
../Core/Src/stm32f4xx_it.c:254:6:CAN1_SCE_IRQHandler	8	static
../Core/Src/stm32f4xx_it.c:268:6:USART1_IRQHandler	8	static
../Core/Src/stm32f4xx_it.c:282:6:USART2_IRQHandler	8	static
../Core/Src/stm32f4xx_it.c:296:6:SDIO_IRQHandler	8	static
../Core/Src/stm32f4xx_it.c:310:6:DMA2_Stream3_IRQHandler	8	static
../Core/Src/stm32f4xx_it.c:324:6:ETH_IRQHandler	8	static
../Core/Src/stm32f4xx_it.c:338:6:ETH_WKUP_IRQHandler	8	static
../Core/Src/stm32f4xx_it.c:352:6:CAN2_TX_IRQHandler	8	static
../Core/Src/stm32f4xx_it.c:366:6:CAN2_RX0_IRQHandler	8	static
../Core/Src/stm32f4xx_it.c:380:6:CAN2_RX1_IRQHandler	8	static
../Core/Src/stm32f4xx_it.c:394:6:CAN2_SCE_IRQHandler	8	static
../Core/Src/stm32f4xx_it.c:408:6:OTG_FS_IRQHandler	8	static
../Core/Src/stm32f4xx_it.c:422:6:OTG_HS_EP1_OUT_IRQHandler	8	static
../Core/Src/stm32f4xx_it.c:436:6:OTG_HS_EP1_IN_IRQHandler	8	static
../Core/Src/stm32f4xx_it.c:450:6:OTG_HS_IRQHandler	8	static
